// Jest Snapshot v1, https://goo.gl/fbAQLP

exports[`Test of <CardNew /> should show the component correctly 1`] = `
<Link
  className="focus__article"
  title=" Test Title "
  to="/new/123abc"
>
  <article
    className="card__container"
  >
    <img
      alt="Portada de la noticia"
      className="card__container--img"
      loading="lazy"
      src="https://localhost/imgtest.jpg"
    />
    <img
      alt="Sensitive calification"
      className="card__container--sentiment"
      loading="lazy"
      src="../../assets/undefined.png"
    />
    <h2
      className="card__items--label"
    >
       Test Title 
    </h2>
  </article>
</Link>
`;
